// Jest Snapshot v1, https://goo.gl/fbAQLP

exports[`renders without crashing 1`] = `
Array [
  <div
    className="schedule-heading"
  >
    <h3>
      Scheduled Events
    </h3>
    <button
      className="btn btn-primary"
      disabled={false}
      onClick={[Function]}
      type="button"
    >
      + Schedule Event
    </button>
  </div>,
  <div
    className="schedule-wrapper"
  />,
]
`;
